[2m19:12:55[22m [31m[1m[vite][22m[39m Pre-transform error: spawn EPERM
[2m19:12:55[22m [31m[1m[vite][22m[39m [31mInternal server error: spawn EPERM[39m
      at ChildProcess.spawn (node:internal/child_process:421:11)
      at spawn (node:child_process:796:9)
      at Object.execFile (node:child_process:349:17)
      at exec (node:child_process:236:25)
      at optimizeSafeRealPathSync (file:///C:/Users/PC/Desktop/controle%20operacional/node_modules/vite/dist/node/chunks/dep-Dq2t6Dq0.js:6938:3)
      at windowsSafeRealPathSync (file:///C:/Users/PC/Desktop/controle%20operacional/node_modules/vite/dist/node/chunks/dep-Dq2t6Dq0.js:6919:5)
      at getRealPath (file:///C:/Users/PC/Desktop/controle%20operacional/node_modules/vite/dist/node/chunks/dep-Dq2t6Dq0.js:16363:16)
      at tryResolveRealFileOrType (file:///C:/Users/PC/Desktop/controle%20operacional/node_modules/vite/dist/node/chunks/dep-Dq2t6Dq0.js:16354:20)
      at tryCleanFsResolve (file:///C:/Users/PC/Desktop/controle%20operacional/node_modules/vite/dist/node/chunks/dep-Dq2t6Dq0.js:15954:22)
      at tryFsResolve (file:///C:/Users/PC/Desktop/controle%20operacional/node_modules/vite/dist/node/chunks/dep-Dq2t6Dq0.js:15947:15)
[2m19:12:55[22m [31m[1m[vite][22m[39m [31mInternal server error: spawn EPERM[39m
      at ChildProcess.spawn (node:internal/child_process:421:11)
      at spawn (node:child_process:796:9)
      at Object.execFile (node:child_process:349:17)
      at exec (node:child_process:236:25)
      at optimizeSafeRealPathSync (file:///C:/Users/PC/Desktop/controle%20operacional/node_modules/vite/dist/node/chunks/dep-Dq2t6Dq0.js:6938:3)
      at windowsSafeRealPathSync (file:///C:/Users/PC/Desktop/controle%20operacional/node_modules/vite/dist/node/chunks/dep-Dq2t6Dq0.js:6919:5)
      at getRealPath (file:///C:/Users/PC/Desktop/controle%20operacional/node_modules/vite/dist/node/chunks/dep-Dq2t6Dq0.js:16363:16)
      at tryResolveRealFileOrType (file:///C:/Users/PC/Desktop/controle%20operacional/node_modules/vite/dist/node/chunks/dep-Dq2t6Dq0.js:16354:20)
      at tryCleanFsResolve (file:///C:/Users/PC/Desktop/controle%20operacional/node_modules/vite/dist/node/chunks/dep-Dq2t6Dq0.js:15954:22)
      at tryFsResolve (file:///C:/Users/PC/Desktop/controle%20operacional/node_modules/vite/dist/node/chunks/dep-Dq2t6Dq0.js:15947:15)
[2m19:13:05[22m [31m[1m[vite][22m[39m [31mInternal server error: spawn EPERM[39m
      at ChildProcess.spawn (node:internal/child_process:421:11)
      at spawn (node:child_process:796:9)
      at Object.execFile (node:child_process:349:17)
      at exec (node:child_process:236:25)
      at optimizeSafeRealPathSync (file:///C:/Users/PC/Desktop/controle%20operacional/node_modules/vite/dist/node/chunks/dep-Dq2t6Dq0.js:6938:3)
      at windowsSafeRealPathSync (file:///C:/Users/PC/Desktop/controle%20operacional/node_modules/vite/dist/node/chunks/dep-Dq2t6Dq0.js:6919:5)
      at getRealPath (file:///C:/Users/PC/Desktop/controle%20operacional/node_modules/vite/dist/node/chunks/dep-Dq2t6Dq0.js:16363:16)
      at tryResolveRealFileOrType (file:///C:/Users/PC/Desktop/controle%20operacional/node_modules/vite/dist/node/chunks/dep-Dq2t6Dq0.js:16354:20)
      at tryCleanFsResolve (file:///C:/Users/PC/Desktop/controle%20operacional/node_modules/vite/dist/node/chunks/dep-Dq2t6Dq0.js:15954:22)
      at tryFsResolve (file:///C:/Users/PC/Desktop/controle%20operacional/node_modules/vite/dist/node/chunks/dep-Dq2t6Dq0.js:15947:15)
[2m19:13:06[22m [31m[1m[vite][22m[39m [31mInternal server error: spawn EPERM[39m
      at ChildProcess.spawn (node:internal/child_process:421:11)
      at spawn (node:child_process:796:9)
      at Object.execFile (node:child_process:349:17)
      at exec (node:child_process:236:25)
      at optimizeSafeRealPathSync (file:///C:/Users/PC/Desktop/controle%20operacional/node_modules/vite/dist/node/chunks/dep-Dq2t6Dq0.js:6938:3)
      at windowsSafeRealPathSync (file:///C:/Users/PC/Desktop/controle%20operacional/node_modules/vite/dist/node/chunks/dep-Dq2t6Dq0.js:6919:5)
      at getRealPath (file:///C:/Users/PC/Desktop/controle%20operacional/node_modules/vite/dist/node/chunks/dep-Dq2t6Dq0.js:16363:16)
      at tryResolveRealFileOrType (file:///C:/Users/PC/Desktop/controle%20operacional/node_modules/vite/dist/node/chunks/dep-Dq2t6Dq0.js:16354:20)
      at tryCleanFsResolve (file:///C:/Users/PC/Desktop/controle%20operacional/node_modules/vite/dist/node/chunks/dep-Dq2t6Dq0.js:15954:22)
      at tryFsResolve (file:///C:/Users/PC/Desktop/controle%20operacional/node_modules/vite/dist/node/chunks/dep-Dq2t6Dq0.js:15947:15)
[2m19:13:19[22m [31m[1m[vite][22m[39m Pre-transform error: spawn EPERM
[2m19:13:19[22m [31m[1m[vite][22m[39m [31mInternal server error: spawn EPERM[39m
      at ChildProcess.spawn (node:internal/child_process:421:11)
      at spawn (node:child_process:796:9)
      at Object.execFile (node:child_process:349:17)
      at exec (node:child_process:236:25)
      at optimizeSafeRealPathSync (file:///C:/Users/PC/Desktop/controle%20operacional/node_modules/vite/dist/node/chunks/dep-Dq2t6Dq0.js:6938:3)
      at windowsSafeRealPathSync (file:///C:/Users/PC/Desktop/controle%20operacional/node_modules/vite/dist/node/chunks/dep-Dq2t6Dq0.js:6919:5)
      at getRealPath (file:///C:/Users/PC/Desktop/controle%20operacional/node_modules/vite/dist/node/chunks/dep-Dq2t6Dq0.js:16363:16)
      at tryResolveRealFileOrType (file:///C:/Users/PC/Desktop/controle%20operacional/node_modules/vite/dist/node/chunks/dep-Dq2t6Dq0.js:16354:20)
      at tryCleanFsResolve (file:///C:/Users/PC/Desktop/controle%20operacional/node_modules/vite/dist/node/chunks/dep-Dq2t6Dq0.js:15954:22)
      at tryFsResolve (file:///C:/Users/PC/Desktop/controle%20operacional/node_modules/vite/dist/node/chunks/dep-Dq2t6Dq0.js:15947:15)
